# Deity Name	Product Identity?	Domains													Description of Deity/Title					FACT			FACTSET						Deity Weapon				Align		Source Page		GROUP
Pelor		DOMAINS:Healing,Sun,Good,Strength,Fire,Community,Protection|PREALIGN:NG,LG,CG,TN	DESC:The Sun Father, God of the Sun and Healing		FACT:Symbol|A radiant sun with a face		DEITYWEAP:Mace (Light)			ALIGN:NG	PANTHEON:Greyhawk	SOURCEPAGE:Greyhawk
Boccob		DOMAINS:Knowledge,Magic,Luck,Protection,Rune|PREALIGN:TN,CN,NE,LN,NG							DESC:The Uncaring, God of Magic and Knowledge		FACT:Symbol|A single, unblinking eye		DEITYWEAP:Quarterstaff		ALIGN:TN	PANTHEON:Greyhawk	SOURCEPAGE:Greyhawk
Ehlonna		DOMAINS:Animal,Earth,Good,Plant,Healing,Sun|PREALIGN:NG,LG,CG,TN						DESC:Lady of the Forest, Goddess of Nature and the Hunt		FACT:Symbol|A unicorn’s head			DEITYWEAP:Longbow		ALIGN:NG	PANTHEON:Greyhawk	SOURCEPAGE:Greyhawk
Corellon Larethian	DOMAINS:Chaos,Good,Magic,Protection,War,Artifice|PREALIGN:CG,CN,NG					DESC:The Protector, Elven God of Magic, Arts, and War		FACT:Symbol|A crescent moon with a star		DEITYWEAP:Longsword		ALIGN:CG	PANTHEON:Elven Pantheon	SOURCEPAGE:Greyhawk
Moradin		DOMAINS:Earth,Good,Law,Protection,Artifice,War|PREALIGN:LG,NG,LN							DESC:Father of the Dwarves, God of Creation and Smithing		FACT:Symbol|Hammer and anvil			DEITYWEAP:Warhammer		ALIGN:LG	PANTHEON:Dwarven Pantheon	SOURCEPAGE:Greyhawk
Lolth		DOMAINS:Chaos,Darkness,Evil,Trickery,Destruction,Magic|PREALIGN:CE,NE,CN						DESC:Queen of Spiders, Goddess of Drow and Chaos		FACT:Symbol|A spider with a female drow head	DEITYWEAP:Crossbow (Hand)		ALIGN:CE	PANTHEON:Drow Pantheon	SOURCEPAGE:Greyhawk
Iuz		DOMAINS:Evil,Law,Trickery,War,Chaos,Destruction|PREALIGN:LE,LN,NE						DESC:The Old One, God of Evil and Deception			FACT:Symbol|A skull crowned with black spikes	DEITYWEAP:Flail			ALIGN:LE	PANTHEON:Greyhawk	SOURCEPAGE:Greyhawk
St. Cuthbert	DOMAINS:Law,Good,Protection,Strength,Destruction,Healing|PREALIGN:LG,NG,LN				DESC:God of Wisdom, Zeal, and Righteousness			FACT:Symbol|Glowing mace				DEITYWEAP:Mace (Light)			ALIGN:LG	PANTHEON:Greyhawk	SOURCEPAGE:Greyhawk
Kord		DOMAINS:Chaos,Strength,Protection,War,Luck,Weather,Good,Nobility|PREALIGN:CG,CN,NG			DESC:God of Strength, Storms, and Courage			FACT:Symbol|A fist holding a lightning bolt	DEITYWEAP:Greatsword		ALIGN:CG	PANTHEON:Greyhawk	SOURCEPAGE:Greyhawk
Nerull		DOMAINS:Evil,Death,Trickery,Darkness,Destruction|PREALIGN:NE,CE,LE,TN							DESC:The Reaper, God of Death and Darkness			FACT:Symbol|A skull with a scythe			DEITYWEAP:Scythe			ALIGN:NE	PANTHEON:Greyhawk	SOURCEPAGE:Greyhawk
Yondalla		DOMAINS:Good,Protection,Healing,Earth,Animal,Community,Plant|PREALIGN:NG,LG,CG,TN				DESC:Mother of the Halflings, Goddess of Family and Fertility	FACT:Symbol|A cornucopia				DEITYWEAP:Sword (Short)		ALIGN:NG	PANTHEON:Halfling Pantheon	SOURCEPAGE:Greyhawk
Tharizdun	DOMAINS:Evil,Chaos,Destruction,Madness,Darkness|PREALIGN:CE,NE,CN							DESC:The Chained God, God of Eternal Darkness and Despair	FACT:Symbol|A black spiral				DEITYWEAP:Unarmed Strike		ALIGN:CE	PANTHEON:Greyhawk	SOURCEPAGE:Greyhawk
Vecna		DOMAINS:Evil,Knowledge,Magic,Destruction,Trickery|PREALIGN:NE,CE,LE,TN							DESC:The Whispered One, God of Secrets and Undeath		FACT:Symbol|An eye and hand				DEITYWEAP:Dagger			ALIGN:NE	PANTHEON:Greyhawk	SOURCEPAGE:Greyhawk
Bahamut		DOMAINS:Law,Good,Protection,War,Strength|PREALIGN:LG,NG,LN								DESC:The Platinum Dragon, God of Justice, Protection, and Honor	FACT:Symbol|A platinum dragon			DEITYWEAP:Longsword		ALIGN:LG	PANTHEON:Dragon Pantheon	SOURCEPAGE:Greyhawk
Tiamat		DOMAINS:Evil,Law,Trickery,Destruction,War|PREALIGN:LE,LN,NE								DESC:The Chromatic Dragon, Goddess of Greed, Tyranny, and Destruction	FACT:Symbol|A five-headed dragon		DEITYWEAP:Pick (Heavy)	ALIGN:LE	PANTHEON:Dragon Pantheon	SOURCEPAGE:Greyhawk
Fharlanghn	DOMAINS:Travel,Luck,Protection,Community,Weather|PREALIGN:CG,CN,NG							DESC:God of Horizons, Distance, and Roads			FACT:Symbol|A winged wheel				DEITYWEAP:Quarterstaff		ALIGN:CG	PANTHEON:Greyhawk	SOURCEPAGE:Greyhawk
Obad-Hai	DOMAINS:Animal,Earth,Fire,Healing,Weather,Plant|PREALIGN:NG,LG,CG,TN							DESC:God of Nature, Forests, and Hunting				FACT:Symbol|A green tree				DEITYWEAP:Longbow		ALIGN:NG	PANTHEON:Greyhawk	SOURCEPAGE:Greyhawk
Wee Jas		DOMAINS:Law,Magic,Death,Knowledge|PREALIGN:LN,TN,LE,LG								DESC:Goddess of Magic, Death, and Law				FACT:Symbol|A red skull				DEITYWEAP:Crossbow (Light)		ALIGN:LN	PANTHEON:Greyhawk	SOURCEPAGE:Greyhawk
Zagyg		DOMAINS:Madness,Knowledge,Trickery,Magic|PREALIGN:CN,CE,CG,TN								DESC:Goddess of Insanity, Knowledge, and Chaos			FACT:Symbol|A circle of 5 black stars			DEITYWEAP:Club			ALIGN:CN	PANTHEON:Greyhawk	SOURCEPAGE:Greyhawk
Erythnul		DOMAINS:Evil,Chaos,Destruction,War,Strength|PREALIGN:CE,NE,CN								DESC:God of Slaughter, Hate, and War				FACT:Symbol|A bloodied axe				DEITYWEAP:Greatsword		ALIGN:CE	PANTHEON:Greyhawk	SOURCEPAGE:Greyhawk
Mayaheine		DOMAINS:Good,Law,Protection,Healing,Strength,Community|PREALIGN:LG,NG,LN			DESC:The Shield of the Innocent, Mayhene embodies protection and care, standing resolutely against harm and injustice	FACT:Symbol|A radiant shield with a golden flame at its center	DEITYWEAP:Longsword	ALIGN:LG	PANTHEON:Greyhawk	SOURCEPAGE:Greyhawk
Heronious		DOMAINS:Law,Good,Nobility,Planning,War,Tactics Subdomain,Ferocity Subdomain|PREALIGN:LG,NG,LN					DESC:The Archpaladin, the Invincible, the Valorous Knight, God of Chivalry, Justice, Honor, War, Daring, and Valor		FACT:Symbol|A shining silver sword			DEITYWEAP:Longsword		ALIGN:LG	PANTHEON:Greyhawk	SOURCEPAGE:Greyhawk
Rallaster		DOMAINS:Evil,Chaos,Destruction,Trickery,Madness|PREALIGN:CE,NE,CN			DESC:The Vile Eye, God of Cruelty and Madness, reveling in suffering and destruction	FACT:Symbol|A cracked eye surrounded by jagged lines	DEITYWEAP:Dagger	ALIGN:CE	PANTHEON:Greyhawk	SOURCEPAGE:Greyhawk
