SOURCELONG:RB Homebrew	SOURCESHORT:RB	SOURCEWEB:http://moretocome.com	SOURCEDATE:2024-01
# Advances at level 7
Companion (Cat (Big (Panther)))		SORTKEY:z_Companion	OUTPUTNAME:Companion Cat, Big (Panther)	SIZE:M	MOVE:Walk,40				REACH:5	PREMULT:1,[PREVARGTEQ:NotAllowed,1],[PRERACE:1,Companion (Cat (Big (Panther)))]	BONUS:ABILITYPOOL|Companion Level Increase Choice|1|PREVARGTEQ:MasterLevel,7	BONUS:STAT|STR|2	BONUS:STAT|DEX|6	BONUS:STAT|CON|2	BONUS:STAT|INT|-8	BONUS:STAT|WIS|4					BONUS:VAR|AC_Natural_Armor|1|TYPE=Base	BONUS:VAR|RaceSizeIsLong|1|TYPE=Base														ABILITY:Special Ability|AUTOMATIC|Rake|Scent	ABILITY:Internal|AUTOMATIC|Bite|Claw	ABILITY:Special Ability|AUTOMATIC|Companion Advancement ~ Panther|PREABILITY:1,CATEGORY=Special Ability,Companion Advancement			LEGS:4	HANDS:3						MONSTERCLASS:Companion:2			RACETYPE:Companion							TYPE:Companion.AnimalCompanion		SOURCEPAGE:p.1	KIT:1|Companion ~ Big Cat	FACT:BaseSize|M
#Companion (Cat (Big (Lion)))		SORTKEY:z_Companion	OUTPUTNAME:Companion Cat, Big (Lion)	SIZE:M	MOVE:Walk,40				REACH:5	PREMULT:1,[PREVARGTEQ:NotAllowed,1],[PRERACE:1,Companion (Cat (Big (Lion)))]	BONUS:ABILITYPOOL|Companion Level Increase Choice|1|PREVARGTEQ:MasterLevel,7	BONUS:STAT|STR|2	BONUS:STAT|DEX|6	BONUS:STAT|CON|2	BONUS:STAT|INT|-8	BONUS:STAT|WIS|4					BONUS:VAR|AC_Natural_Armor|1|TYPE=Base	BONUS:VAR|RaceSizeIsLong|1|TYPE=Base														ABILITY:Special Ability|AUTOMATIC|Rake|Scent	ABILITY:Internal|AUTOMATIC|Bite|Claw	ABILITY:Special Ability|AUTOMATIC|Companion Advancement ~ Lion|PREABILITY:1,CATEGORY=Special Ability,Companion Advancement			LEGS:4	HANDS:3						MONSTERCLASS:Companion:2			RACETYPE:Companion							TYPE:Companion.AnimalCompanion		SOURCEPAGE:p.56	KIT:1|Companion ~ Big Cat	FACT:BaseSize|M


# support
Companion (Cat (Big (Panther))).MOD																																																																																																																																																																									ABILITY:Special Ability|AUTOMATIC|Companion Body Type ~ Quadruped (Claws)